C51 COMPILER V9.57.0.0   TEMP                                                              11/01/2020 21:18:33 PAGE 1   


C51 COMPILER V9.57.0.0, COMPILATION OF MODULE TEMP
OBJECT MODULE PLACED IN .\Objects\temp.obj
COMPILER INVOKED BY: D:\Keil_v5\C51\BIN\C51.EXE temp.c OPTIMIZE(8,SPEED) BROWSE DEBUG OBJECTEXTEND PRINT(.\Listings\temp
                    -.lst) OBJECT(.\Objects\temp.obj)

line level    source

   1          #include "temp.h"
   2          
   3          /*********************************************************
   4           * 函数名：delay10us
   5           * 函数功能：延时函数，精确延时10us(12Mhz晶振，包含函数调用与返回时间)
   6           * 输入：void
   7           * 输出：void
   8           ********************************************************/
   9          void delay10us()
  10          {
  11   1          _nop_();
  12   1          _nop_();
  13   1          _nop_();
  14   1          _nop_();
  15   1          _nop_();
  16   1          _nop_();
  17   1      }
  18          
  19          /*********************************************************
  20           * 函数名：delay52us
  21           * 函数功能：延时函数，精确延时52us(12Mhz晶振，包含函数调用与返回时间)
  22           * 输入：void
  23           * 输出：void
  24           ********************************************************/
  25          void delay52us()
  26          {
  27   1          delay10us();
  28   1          delay10us();
  29   1          delay10us();
  30   1          delay10us();
  31   1          delay10us();
  32   1      }
  33          
  34          /*********************************************************
  35           * 函数名：delay522us
  36           * 函数功能：延时函数，精确延时522us(12Mhz晶振，包含函数调用与返回时间)
  37           * 输入：void
  38           * 输出：void
  39           ********************************************************/
  40          void delay522us()
  41          {
  42   1          delay52us(); delay52us(); delay52us(); delay52us(); delay52us();
  43   1          delay52us(); delay52us(); delay52us(); delay52us(); delay52us();
  44   1      }
  45          
  46          /*********************************************************
  47           * 函数名：delay800ms
  48           * 函数功能：延时函数，精确延时800ms(12Mhz晶振，包含函数调用与返回时间)
  49           * 输入：void
  50           * 输出：void
  51           ********************************************************/
  52          void delay800ms()   //误差 0us
  53          {
  54   1          unsigned char a,b,c;
C51 COMPILER V9.57.0.0   TEMP                                                              11/01/2020 21:18:33 PAGE 2   

  55   1          for(c=95;c>0;c--)
  56   1              for(b=138;b>0;b--)
  57   1                  for(a=29;a>0;a--);
  58   1      }
  59          
  60          /*********************************************************
  61           * 函数名：ds18b20init
  62           * 函数功能：ds18b20初始化函数
  63           * 输入：void
  64           * 输出：0/1，1表示初始化成功元件存在于电路中，0表示初始化失败元件不存在
  65           ********************************************************/
  66          uchar ds18b20init()
  67          {
  68   1          uint i = 0;
  69   1          DSPORT = 0;//ds18b20数据线拉低
  70   1          delay522us();
  71   1          DSPORT = 1;//ds18b20数据线拉高
  72   1          while (DSPORT) {
  73   2              delay522us();
  74   2              i++;
  75   2              if (i > 8) {
  76   3                  return 0;
  77   3              }
  78   2          }
  79   1          return 1;
  80   1      }
  81          
  82          /*********************************************************
  83           * 函数名：ds18b20writebyte
  84           * 函数功能：ds18b20写字节(先写低位)
  85           * 输入：uchar dat
  86           * 输出：void
  87           ********************************************************/
  88          void ds18b20writebyte(uchar dat)
  89          {
  90   1          uchar i;
  91   1          for (i = 0; i < 8; i++) {
  92   2              DSPORT = 0;//数据线拉低
  93   2              delay10us();//延时15us左右
  94   2              DSPORT = dat & 0x01;//&操作，将dat最后一位送入DAPORT
  95   2              delay52us();
  96   2              delay10us();//延时60us左右
  97   2              DSPORT = 1;//数据线拉高
  98   2              dat >>= 1;//dat移位（高位向低位移动），等待下次循环
  99   2          }
 100   1      }
 101          
 102          /*********************************************************
 103           * 函数名：ds18b20readbyte
 104           * 函数功能：ds18b20读字节(先读低位)
 105           * 输入：void
 106           * 输出：uchar
 107           ********************************************************/
 108          uchar ds18b20readbyte()
 109          {
 110   1          uint i;
 111   1          uchar byte, bi;
 112   1          for (i = 0; i < 8; i++) {
 113   2              DSPORT = 0;//数据线拉低
 114   2              _nop_();//延时1us
 115   2              _nop_();//延时1us
 116   2              DSPORT = 1;//数据线拉高
C51 COMPILER V9.57.0.0   TEMP                                                              11/01/2020 21:18:33 PAGE 3   

 117   2              delay10us();//延时10us左右
 118   2              bi = DSPORT;
 119   2              byte = (byte>>1) | (bi<<7);//数据写入，由低到高
 120   2              delay52us();
 121   2          }
 122   1          return byte;
 123   1      }
 124          
 125          /*********************************************************
 126           * 函数名：ds18b20tempchange
 127           * 函数功能：ds18b20温度转换
 128           * 输入：void
 129           * 输出：
 130           ********************************************************/
 131          void ds18b20tempchange()
 132          {
 133   1          ds18b20init();//初始化
 134   1          delay522us();
 135   1          delay522us();//延时1ms左右
 136   1          ds18b20writebyte(0xCC);//向ds18b20发送CCH指令，命令其跳过ROM
 137   1          ds18b20writebyte(0x44);//向ds18b20发送44H指令，启动ds18b20进行温度转换
 138   1          delay800ms();//延时800ms，ds18b20进行12位转换最长需要750ms(精度0.0625℃)
 139   1      }
 140          
 141          /*********************************************************
 142           * 函数名：ds18b20tempread
 143           * 函数功能：ds18b20温度读取初始化（只做了温度读取命令的下达，并没有真的去
             -读温度）
 144           * 输入：
 145           * 输出：
 146           ********************************************************/
 147          void ds18b20tempread()
 148          {
 149   1          ds18b20init();//初始化
 150   1          delay522us();
 151   1          delay522us();//延时1ms左右
 152   1          ds18b20writebyte(0xCC);//向ds18b20发送CCH指令，命令其跳过ROM
 153   1          ds18b20writebyte(0xBE);//向ds18b20发送BEH指令，读内部RAM中2字节的温度内容
 154   1      }
 155          
 156          /*********************************************************
 157           * 函数名：ds18b20tempreadstart
 158           * 函数功能：ds18b20温度读取与数据传递
 159           * 输入：
 160           * 输出：int，注意温度可负，故用int
 161           ********************************************************/
 162          int ds18b20tempreadstart()
 163          {
 164   1          int temp = 0;
 165   1          uchar temph,templ;
 166   1          ds18b20tempchange();
 167   1          ds18b20tempread();
 168   1          templ = ds18b20readbyte();
 169   1          temph = ds18b20readbyte();
 170   1          temp = temph;
 171   1          temp <<= 8;
 172   1          temp |= templ;
 173   1          return temp;
 174   1      }


MODULE INFORMATION:   STATIC OVERLAYABLE
C51 COMPILER V9.57.0.0   TEMP                                                              11/01/2020 21:18:33 PAGE 4   

   CODE SIZE        =    216    ----
   CONSTANT SIZE    =   ----    ----
   XDATA SIZE       =   ----    ----
   PDATA SIZE       =   ----    ----
   DATA SIZE        =   ----    ----
   IDATA SIZE       =   ----    ----
   BIT SIZE         =   ----    ----
END OF MODULE INFORMATION.


C51 COMPILATION COMPLETE.  0 WARNING(S),  0 ERROR(S)
